---
source: crates/core/src/taxonomy.rs
expression: rows
---
[
  [
    "us_status",
    "new",
    "#999999",
    false,
    null
  ],
  [
    "us_status",
    "ready",
    "#ff8a84",
    false,
    null
  ],
  [
    "us_status",
    "in-progress",
    "#ffcc00",
    false,
    null
  ],
  [
    "us_status",
    "ready-for-test",
    "#9dce0a",
    false,
    null
  ],
  [
    "us_status",
    "done",
    "#669900",
    true,
    null
  ],
  [
    "us_status",
    "archived",
    "#5c3566",
    true,
    null
  ],
  [
    "task_status",
    "new",
    "#999999",
    false,
    null
  ],
  [
    "task_status",
    "in-progress",
    "#ffcc00",
    false,
    null
  ],
  [
    "task_status",
    "ready-for-test",
    "#9dce0a",
    false,
    null
  ],
  [
    "task_status",
    "closed",
    "#669900",
    true,
    null
  ],
  [
    "task_status",
    "needs-info",
    "#ff8a84",
    false,
    null
  ],
  [
    "issue_status",
    "new",
    "#999999",
    false,
    null
  ],
  [
    "issue_status",
    "in-progress",
    "#ffcc00",
    false,
    null
  ],
  [
    "issue_status",
    "ready-for-test",
    "#9dce0a",
    false,
    null
  ],
  [
    "issue_status",
    "closed",
    "#669900",
    true,
    null
  ],
  [
    "issue_status",
    "needs-info",
    "#ff8a84",
    false,
    null
  ],
  [
    "issue_status",
    "rejected",
    "#cc0000",
    true,
    null
  ],
  [
    "issue_type",
    "bug",
    "#cc0000",
    null,
    null
  ],
  [
    "issue_type",
    "question",
    "#0079bc",
    null,
    null
  ],
  [
    "issue_type",
    "enhancement",
    "#669900",
    null,
    null
  ],
  [
    "priority",
    "low",
    "#999999",
    null,
    null
  ],
  [
    "priority",
    "normal",
    "#ffcc00",
    null,
    null
  ],
  [
    "priority",
    "high",
    "#cc0000",
    null,
    null
  ],
  [
    "severity",
    "wishlist",
    "#999999",
    null,
    null
  ],
  [
    "severity",
    "minor",
    "#0079bc",
    null,
    null
  ],
  [
    "severity",
    "normal",
    "#669900",
    null,
    null
  ],
  [
    "severity",
    "important",
    "#ffcc00",
    null,
    null
  ],
  [
    "severity",
    "critical",
    "#cc0000",
    null,
    null
  ],
  [
    "point",
    "unset",
    "",
    null,
    null
  ],
  [
    "point",
    "0",
    "",
    null,
    0.0
  ],
  [
    "point",
    "half",
    "",
    null,
    0.5
  ],
  [
    "point",
    "1",
    "",
    null,
    1.0
  ],
  [
    "point",
    "2",
    "",
    null,
    2.0
  ],
  [
    "point",
    "3",
    "",
    null,
    3.0
  ],
  [
    "point",
    "5",
    "",
    null,
    5.0
  ],
  [
    "point",
    "8",
    "",
    null,
    8.0
  ],
  [
    "point",
    "13",
    "",
    null,
    13.0
  ],
  [
    "point",
    "20",
    "",
    null,
    20.0
  ],
  [
    "point",
    "40",
    "",
    null,
    40.0
  ]
]
