---
source: crates/core/src/perms.rs
expression: snapshot
---
[
  [
    "admin",
    [
      "attachment.create",
      "attachment.delete",
      "board.shared.create",
      "board.shared.delete",
      "board.shared.modify",
      "comment.create",
      "comment.moderate",
      "component.create",
      "component.delete",
      "component.modify",
      "customer.create",
      "customer.delete",
      "customer.modify",
      "epic.create",
      "epic.delete",
      "epic.modify",
      "epic.view",
      "issue.create",
      "issue.delete",
      "issue.modify",
      "issue.view",
      "label.create",
      "label.delete",
      "label.modify",
      "member.add",
      "member.modify_role",
      "member.remove",
      "member.view",
      "milestone.business_release.modify",
      "milestone.business_release.view",
      "milestone.create",
      "milestone.delete",
      "milestone.modify",
      "milestone.view",
      "project.admin",
      "project.delete",
      "project.modify",
      "project.view",
      "release.create",
      "release.delete",
      "release.modify",
      "repository.create",
      "repository.delete",
      "repository.modify",
      "role.create",
      "role.delete",
      "role.modify",
      "role.view",
      "taxonomy.create",
      "taxonomy.delete",
      "taxonomy.modify",
      "time.log",
      "time.manage",
      "time.view_all",
      "wiki.create",
      "wiki.delete",
      "wiki.modify",
      "wiki.view"
    ]
  ],
  [
    "product_owner",
    [
      "attachment.create",
      "attachment.delete",
      "board.shared.create",
      "board.shared.delete",
      "board.shared.modify",
      "comment.create",
      "comment.moderate",
      "component.create",
      "component.delete",
      "component.modify",
      "customer.create",
      "customer.delete",
      "customer.modify",
      "epic.create",
      "epic.delete",
      "epic.modify",
      "epic.view",
      "issue.create",
      "issue.delete",
      "issue.modify",
      "issue.view",
      "label.create",
      "label.delete",
      "label.modify",
      "member.add",
      "member.modify_role",
      "member.remove",
      "member.view",
      "milestone.business_release.modify",
      "milestone.business_release.view",
      "milestone.create",
      "milestone.delete",
      "milestone.modify",
      "milestone.view",
      "project.modify",
      "project.view",
      "release.create",
      "release.delete",
      "release.modify",
      "repository.create",
      "repository.delete",
      "repository.modify",
      "role.create",
      "role.delete",
      "role.modify",
      "role.view",
      "taxonomy.create",
      "taxonomy.delete",
      "taxonomy.modify",
      "time.log",
      "time.view_all",
      "wiki.create",
      "wiki.delete",
      "wiki.modify",
      "wiki.view"
    ]
  ],
  [
    "dev",
    [
      "attachment.create",
      "attachment.delete",
      "comment.create",
      "epic.create",
      "epic.modify",
      "epic.view",
      "issue.create",
      "issue.modify",
      "issue.view",
      "member.view",
      "milestone.create",
      "milestone.modify",
      "milestone.view",
      "project.view",
      "role.view",
      "time.log",
      "wiki.create",
      "wiki.modify",
      "wiki.view"
    ]
  ],
  [
    "stakeholder",
    [
      "epic.view",
      "issue.view",
      "member.view",
      "milestone.view",
      "project.view",
      "role.view",
      "wiki.view"
    ]
  ]
]
