---
source: crates/core/src/taxonomy.rs
expression: rows
---
[
  [
    "issue_status",
    "new",
    "#999999",
    false,
    null
  ],
  [
    "issue_status",
    "ready",
    "#ff8a84",
    false,
    null
  ],
  [
    "issue_status",
    "in-progress",
    "#ffcc00",
    false,
    null
  ],
  [
    "issue_status",
    "ready-for-test",
    "#9dce0a",
    false,
    null
  ],
  [
    "issue_status",
    "done",
    "#669900",
    true,
    null
  ],
  [
    "issue_status",
    "archived",
    "#5c3566",
    true,
    null
  ],
  [
    "issue_type",
    "story",
    "#3b7dd8",
    null,
    null
  ],
  [
    "issue_type",
    "task",
    "#669900",
    null,
    null
  ],
  [
    "issue_type",
    "bug",
    "#cc0000",
    null,
    null
  ],
  [
    "issue_type",
    "enhancement",
    "#9dce0a",
    null,
    null
  ],
  [
    "issue_type",
    "question",
    "#0079bc",
    null,
    null
  ],
  [
    "priority",
    "low",
    "#999999",
    null,
    null
  ],
  [
    "priority",
    "medium",
    "#ffcc00",
    null,
    null
  ],
  [
    "priority",
    "high",
    "#ff7518",
    null,
    null
  ],
  [
    "priority",
    "critical",
    "#cc0000",
    null,
    null
  ],
  [
    "priority",
    "blocker",
    "#5c3566",
    null,
    null
  ],
  [
    "size",
    "xs",
    "#9dce0a",
    null,
    1.0
  ],
  [
    "size",
    "s",
    "#669900",
    null,
    2.0
  ],
  [
    "size",
    "m",
    "#ffcc00",
    null,
    3.0
  ],
  [
    "size",
    "l",
    "#ff7518",
    null,
    4.0
  ],
  [
    "size",
    "xl",
    "#cc0000",
    null,
    5.0
  ],
  [
    "size",
    "xxl",
    "#990000",
    null,
    6.0
  ]
]
